╔══════════════════════════════════════════════════════════════════════╗
║                                                                      ║
║   deal-kit dev  —  kit de desarrollo compartido CRM DEAL             ║
║   crm-deal-web  ·  web  ·  kit sin fijar                             ║
║   /projects/crm-deal-web                                             ║
║                                                                      ║
║                                                                      ║
║   ✓ Aplicado   4 archivo(s)                                          ║
║                                                                      ║
║   crm-deal-web                                                       ║
║   ├── .claude/skills   +2 nuevos                                     ║
║   └── src/shared       +2 nuevos                                     ║
║                                                                      ║
║   deal-kit.lock registra qué archivos son del kit.                   ║
║                                                                      ║
╚══════════════════════════════════════════════════════════════════════╝
