╔══════════════════════════════════════════════════════════════════════╗
║                                                                      ║
║   deal-kit dev  —  kit de desarrollo compartido CRM DEAL             ║
║   crm-deal-web  ·  web  ·  kit sin fijar                             ║
║   /projects/crm-deal-web                                             ║
║                                                                      ║
║   Engram para Claude Code                                            ║
║                                                                      ║
║   Memoria persistente para el agente de IA: guarda decisiones,       ║
║   bugs y convenciones, y las recupera en la sesión siguiente.        ║
║   Instala los hooks de sesión y la skill "memory" en la              ║
║   configuración global de Claude Code.                               ║
║                                                                      ║
║     repo                Gentleman-Programming/engram                 ║
║     marketplace         v1.20.0  (fijado)                            ║
║     plugin              engram@engram  1.20.0                        ║
║     alcance             usuario · GLOBAL, no toca el proyecto        ║
║     claude              /usr/local/bin/claude                        ║
║     engram              no está en el PATH                           ║
║                                                                      ║
║   Estado                                                             ║
║                                                                      ║
║   ✓ El marketplace es el correcto y el plugin está habilitado.       ║
║                                                                      ║
║   Comandos                                                           ║
║                                                                      ║
║     descargar engram_1.20.0_linux_amd64.tar.gz →                     ║
║       /home/deal/.local/bin/engram                                   ║
║                                                                      ║
║     destino             /home/deal/.local/bin                        ║
║                                                                      ║
║   Falta: engram no está en el PATH — el servidor MCP no va a         ║
║   arrancar.                                                          ║
║                                                                      ║
║     export PATH="$PATH:/home/deal/.local/bin"                        ║
║                                                                      ║
║   Agregar esa línea al arranque de la shell (~/.zshrc, ~/.bashrc)    ║
║   y reiniciar Claude Code.                                           ║
║                                                                      ║
║   y: instalar  •  n: cancelar  •  esc: volver  •  q: salir           ║
║                                                                      ║
╚══════════════════════════════════════════════════════════════════════╝
