╔══════════════════════════════════════════════════════════════════════╗
║                                                                      ║
║   deal-kit dev  —  kit de desarrollo compartido CRM DEAL             ║
║   crm-deal-web  ·  web  ·  kit sin fijar                             ║
║   /projects/crm-deal-web                                             ║
║                                                                      ║
║   Engram para Claude Code                                            ║
║                                                                      ║
║   Memoria persistente para el agente de IA: guarda decisiones,       ║
║   bugs y convenciones, y las recupera en la sesión siguiente.        ║
║   Instala los hooks de sesión y la skill "memory" en la              ║
║   configuración global de Claude Code.                               ║
║                                                                      ║
║     repo                Gentleman-Programming/engram                 ║
║     marketplace         v1.20.0  (fijado)                            ║
║     plugin              engram@engram  —                             ║
║     alcance             usuario · GLOBAL, no toca el proyecto        ║
║     claude              /usr/local/bin/claude                        ║
║     engram              /usr/local/bin/engram                        ║
║                                                                      ║
║   Estado                                                             ║
║                                                                      ║
║   El marketplace engram todavía no está registrado.                  ║
║                                                                      ║
║   Comandos                                                           ║
║                                                                      ║
║     claude plugin marketplace add                                    ║
║       https://github.com/Gentleman-Programming/engram.git#v1.20.0    ║
║       --scope user                                                   ║
║     claude plugin install engram@engram --scope user --yes           ║
║                                                                      ║
║   y: instalar  •  n: cancelar  •  esc: volver  •  q: salir           ║
║                                                                      ║
╚══════════════════════════════════════════════════════════════════════╝
