╔══════════════════════════════════════════════════════════════════════╗
║                                                                      ║
║   deal-kit dev  —  kit de desarrollo compartido CRM DEAL             ║
║   crm-deal-web  ·  web  ·  kit sin fijar                             ║
║                                                                      ║
║   Menú                                                               ║
║                                                                      ║
║    ▸ Instalar todo             4 artefactos · 4 por instalar         ║
║      Skills y convenciones     0 de 2 instaladas                     ║
║      Componentes de UI         0 de 2 instalados                     ║
║      Estado del proyecto       qué hay instalado y si cambió         ║
║      Salir                                                           ║
║                                                                      ║
║   ↑/↓: mover  •  enter: elegir  •  q: salir                          ║
║                                                                      ║
╚══════════════════════════════════════════════════════════════════════╝
