╔══════════════════════════════════════════════════════════════════════╗
║                                                                      ║
║   deal-kit dev  —  kit de desarrollo compartido CRM DEAL             ║
║   crm-deal-web  ·  web  ·  kit sin fijar                             ║
║                                                                      ║
║   Revisar cambios                                                    ║
║                                                                      ║
║   Todo el proyecto  ·  2 nuevos                                      ║
║                                                                      ║
║   Componentes de UI  (2)                                             ║
║     +  src/shared/lib/utils.ts                                       ║
║     +  src/shared/ui/button.tsx                                      ║
║                                                                      ║
║                                                                      ║
║   Dependencias npm   pnpm                                            ║
║                                                                      ║
║     clsx@^2.1.1                                                      ║
║                                                                      ║
║   y: aplicar  •  n: cancelar  •  esc: volver  •  q: salir            ║
║                                                                      ║
╚══════════════════════════════════════════════════════════════════════╝
